Archive member included to satisfy reference by file (symbol)

d:/st/toolchain/gcc-arm-none-eabi-10.3-2021.10/bin/../lib/gcc/arm-none-eabi/10.3.1/../../../../arm-none-eabi/lib/thumb/v6-m/nofp\libc_nano.a(lib_a-exit.o)
                              d:/st/toolchain/gcc-arm-none-eabi-10.3-2021.10/bin/../lib/gcc/arm-none-eabi/10.3.1/../../../../arm-none-eabi/lib/thumb/v6-m/nofp/crt0.o (exit)
d:/st/toolchain/gcc-arm-none-eabi-10.3-2021.10/bin/../lib/gcc/arm-none-eabi/10.3.1/../../../../arm-none-eabi/lib/thumb/v6-m/nofp\libc_nano.a(lib_a-impure.o)
                              d:/st/toolchain/gcc-arm-none-eabi-10.3-2021.10/bin/../lib/gcc/arm-none-eabi/10.3.1/../../../../arm-none-eabi/lib/thumb/v6-m/nofp\libc_nano.a(lib_a-exit.o) (_global_impure_ptr)
d:/st/toolchain/gcc-arm-none-eabi-10.3-2021.10/bin/../lib/gcc/arm-none-eabi/10.3.1/../../../../arm-none-eabi/lib/thumb/v6-m/nofp\libc_nano.a(lib_a-init.o)
                              d:/st/toolchain/gcc-arm-none-eabi-10.3-2021.10/bin/../lib/gcc/arm-none-eabi/10.3.1/../../../../arm-none-eabi/lib/thumb/v6-m/nofp/crt0.o (__libc_init_array)
d:/st/toolchain/gcc-arm-none-eabi-10.3-2021.10/bin/../lib/gcc/arm-none-eabi/10.3.1/../../../../arm-none-eabi/lib/thumb/v6-m/nofp\libc_nano.a(lib_a-memset.o)
                              d:/st/toolchain/gcc-arm-none-eabi-10.3-2021.10/bin/../lib/gcc/arm-none-eabi/10.3.1/../../../../arm-none-eabi/lib/thumb/v6-m/nofp/crt0.o (memset)
d:/st/toolchain/gcc-arm-none-eabi-10.3-2021.10/bin/../lib/gcc/arm-none-eabi/10.3.1/../../../../arm-none-eabi/lib/thumb/v6-m/nofp\libnosys.a(_exit.o)
                              d:/st/toolchain/gcc-arm-none-eabi-10.3-2021.10/bin/../lib/gcc/arm-none-eabi/10.3.1/../../../../arm-none-eabi/lib/thumb/v6-m/nofp\libc_nano.a(lib_a-exit.o) (_exit)
d:/st/toolchain/gcc-arm-none-eabi-10.3-2021.10/bin/../lib/gcc/arm-none-eabi/10.3.1/thumb/v6-m/nofp\libgcc.a(_udivsi3.o)
                              build/stm32l0xx_hal.o (__aeabi_uidiv)
d:/st/toolchain/gcc-arm-none-eabi-10.3-2021.10/bin/../lib/gcc/arm-none-eabi/10.3.1/thumb/v6-m/nofp\libgcc.a(_dvmd_tls.o)
                              d:/st/toolchain/gcc-arm-none-eabi-10.3-2021.10/bin/../lib/gcc/arm-none-eabi/10.3.1/thumb/v6-m/nofp\libgcc.a(_udivsi3.o) (__aeabi_idiv0)
d:/st/toolchain/gcc-arm-none-eabi-10.3-2021.10/bin/../lib/gcc/arm-none-eabi/10.3.1/thumb/v6-m/nofp\libgcc.a(_aeabi_uldivmod.o)
                              build/stm32l0xx_hal_rcc.o (__aeabi_uldivmod)
d:/st/toolchain/gcc-arm-none-eabi-10.3-2021.10/bin/../lib/gcc/arm-none-eabi/10.3.1/thumb/v6-m/nofp\libgcc.a(_muldi3.o)
                              build/stm32l0xx_hal_rcc.o (__aeabi_lmul)
d:/st/toolchain/gcc-arm-none-eabi-10.3-2021.10/bin/../lib/gcc/arm-none-eabi/10.3.1/thumb/v6-m/nofp\libgcc.a(_udivmoddi4.o)
                              d:/st/toolchain/gcc-arm-none-eabi-10.3-2021.10/bin/../lib/gcc/arm-none-eabi/10.3.1/thumb/v6-m/nofp\libgcc.a(_aeabi_uldivmod.o) (__udivmoddi4)
d:/st/toolchain/gcc-arm-none-eabi-10.3-2021.10/bin/../lib/gcc/arm-none-eabi/10.3.1/thumb/v6-m/nofp\libgcc.a(_clzdi2.o)
                              d:/st/toolchain/gcc-arm-none-eabi-10.3-2021.10/bin/../lib/gcc/arm-none-eabi/10.3.1/thumb/v6-m/nofp\libgcc.a(_udivmoddi4.o) (__clzdi2)
d:/st/toolchain/gcc-arm-none-eabi-10.3-2021.10/bin/../lib/gcc/arm-none-eabi/10.3.1/thumb/v6-m/nofp\libgcc.a(_clzsi2.o)
                              d:/st/toolchain/gcc-arm-none-eabi-10.3-2021.10/bin/../lib/gcc/arm-none-eabi/10.3.1/thumb/v6-m/nofp\libgcc.a(_clzdi2.o) (__clzsi2)

Discarded input sections

 .text          0x00000000        0x0 d:/st/toolchain/gcc-arm-none-eabi-10.3-2021.10/bin/../lib/gcc/arm-none-eabi/10.3.1/thumb/v6-m/nofp/crti.o
 .data          0x00000000        0x0 d:/st/toolchain/gcc-arm-none-eabi-10.3-2021.10/bin/../lib/gcc/arm-none-eabi/10.3.1/thumb/v6-m/nofp/crti.o
 .bss           0x00000000        0x0 d:/st/toolchain/gcc-arm-none-eabi-10.3-2021.10/bin/../lib/gcc/arm-none-eabi/10.3.1/thumb/v6-m/nofp/crti.o
 .data          0x00000000        0x4 d:/st/toolchain/gcc-arm-none-eabi-10.3-2021.10/bin/../lib/gcc/arm-none-eabi/10.3.1/thumb/v6-m/nofp/crtbegin.o
 .rodata        0x00000000       0x24 d:/st/toolchain/gcc-arm-none-eabi-10.3-2021.10/bin/../lib/gcc/arm-none-eabi/10.3.1/thumb/v6-m/nofp/crtbegin.o
 .text          0x00000000       0x80 d:/st/toolchain/gcc-arm-none-eabi-10.3-2021.10/bin/../lib/gcc/arm-none-eabi/10.3.1/../../../../arm-none-eabi/lib/thumb/v6-m/nofp/crt0.o
 .data          0x00000000        0x0 d:/st/toolchain/gcc-arm-none-eabi-10.3-2021.10/bin/../lib/gcc/arm-none-eabi/10.3.1/../../../../arm-none-eabi/lib/thumb/v6-m/nofp/crt0.o
 .bss           0x00000000        0x0 d:/st/toolchain/gcc-arm-none-eabi-10.3-2021.10/bin/../lib/gcc/arm-none-eabi/10.3.1/../../../../arm-none-eabi/lib/thumb/v6-m/nofp/crt0.o
 .ARM.extab     0x00000000        0x0 d:/st/toolchain/gcc-arm-none-eabi-10.3-2021.10/bin/../lib/gcc/arm-none-eabi/10.3.1/../../../../arm-none-eabi/lib/thumb/v6-m/nofp/crt0.o
[...]
Memory Configuration

Name             Origin             Length             Attributes
RAM              0x20000000         0x00002000         xrw
FLASH            0x08000000         0x00010000         xr
*default*        0x00000000         0xffffffff

Linker script and memory map

LOAD d:/st/toolchain/gcc-arm-none-eabi-10.3-2021.10/bin/../lib/gcc/arm-none-eabi/10.3.1/thumb/v6-m/nofp/crti.o
LOAD d:/st/toolchain/gcc-arm-none-eabi-10.3-2021.10/bin/../lib/gcc/arm-none-eabi/10.3.1/thumb/v6-m/nofp/crtbegin.o
LOAD d:/st/toolchain/gcc-arm-none-eabi-10.3-2021.10/bin/../lib/gcc/arm-none-eabi/10.3.1/../../../../arm-none-eabi/lib/thumb/v6-m/nofp/crt0.o
LOAD build/main.o
LOAD build/gpio.o
LOAD build/stm32l0xx_it.o
LOAD build/stm32l0xx_hal_msp.o
LOAD build/stm32l0xx_hal_tim.o
LOAD build/stm32l0xx_hal_tim_ex.o
LOAD build/stm32l0xx_hal.o
LOAD build/stm32l0xx_hal_i2c.o
LOAD build/stm32l0xx_hal_i2c_ex.o
LOAD build/stm32l0xx_hal_rcc.o
LOAD build/stm32l0xx_hal_rcc_ex.o
LOAD build/stm32l0xx_hal_flash_ramfunc.o
LOAD build/stm32l0xx_hal_flash.o
LOAD build/stm32l0xx_hal_flash_ex.o
LOAD build/stm32l0xx_hal_gpio.o
LOAD build/stm32l0xx_hal_dma.o
LOAD build/stm32l0xx_hal_pwr.o
LOAD build/stm32l0xx_hal_pwr_ex.o
LOAD build/stm32l0xx_hal_cortex.o
LOAD build/stm32l0xx_hal_exti.o
LOAD build/system_stm32l0xx.o
LOAD build/usart.o
LOAD build/stm32l0xx_hal_uart.o
LOAD build/stm32l0xx_hal_uart_ex.o
LOAD build/startup_stm32l051xx.o
LOAD d:/st/toolchain/gcc-arm-none-eabi-10.3-2021.10/bin/../lib/gcc/arm-none-eabi/10.3.1/../../../../arm-none-eabi/lib/thumb/v6-m/nofp\libc_nano.a
LOAD d:/st/toolchain/gcc-arm-none-eabi-10.3-2021.10/bin/../lib/gcc/arm-none-eabi/10.3.1/../../../../arm-none-eabi/lib/thumb/v6-m/nofp\libm.a
LOAD d:/st/toolchain/gcc-arm-none-eabi-10.3-2021.10/bin/../lib/gcc/arm-none-eabi/10.3.1/../../../../arm-none-eabi/lib/thumb/v6-m/nofp\libnosys.a
START GROUP
LOAD d:/st/toolchain/gcc-arm-none-eabi-10.3-2021.10/bin/../lib/gcc/arm-none-eabi/10.3.1/thumb/v6-m/nofp\libgcc.a
LOAD d:/st/toolchain/gcc-arm-none-eabi-10.3-2021.10/bin/../lib/gcc/arm-none-eabi/10.3.1/../../../../arm-none-eabi/lib/thumb/v6-m/nofp\libc_nano.a
END GROUP
START GROUP
LOAD d:/st/toolchain/gcc-arm-none-eabi-10.3-2021.10/bin/../lib/gcc/arm-none-eabi/10.3.1/thumb/v6-m/nofp\libgcc.a
LOAD d:/st/toolchain/gcc-arm-none-eabi-10.3-2021.10/bin/../lib/gcc/arm-none-eabi/10.3.1/../../../../arm-none-eabi/lib/thumb/v6-m/nofp\libc_nano.a
END GROUP
LOAD d:/st/toolchain/gcc-arm-none-eabi-10.3-2021.10/bin/../lib/gcc/arm-none-eabi/10.3.1/thumb/v6-m/nofp/crtend.o
LOAD d:/st/toolchain/gcc-arm-none-eabi-10.3-2021.10/bin/../lib/gcc/arm-none-eabi/10.3.1/thumb/v6-m/nofp/crtn.o
                0x20002000                _estack = (ORIGIN (RAM) + LENGTH (RAM))
                0x00000200                _Min_Heap_Size = 0x200
                0x00000400                _Min_Stack_Size = 0x400

.isr_vector     0x08000000       0xc0
                0x08000000                . = ALIGN (0x4)
 *(.isr_vector)
 .isr_vector    0x08000000       0xc0 build/startup_stm32l051xx.o
                0x08000000                g_pfnVectors
                0x080000c0                . = ALIGN (0x4)

.text           0x080000c0     0x1984
                0x080000c0                . = ALIGN (0x4)
 *(.text)
 .text          0x080000c0       0x48 d:/st/toolchain/gcc-arm-none-eabi-10.3-2021.10/bin/../lib/gcc/arm-none-eabi/10.3.1/thumb/v6-m/nofp/crtbegin.o
 .text          0x08000108      0x114 d:/st/toolchain/gcc-arm-none-eabi-10.3-2021.10/bin/../lib/gcc/arm-none-eabi/10.3.1/thumb/v6-m/nofp\libgcc.a(_udivsi3.o)
                0x08000108                __aeabi_uidiv
                0x08000108                __udivsi3
                0x08000214                __aeabi_uidivmod
 .text          0x0800021c        0x4 d:/st/toolchain/gcc-arm-none-eabi-10.3-2021.10/bin/../lib/gcc/arm-none-eabi/10.3.1/thumb/v6-m/nofp\libgcc.a(_dvmd_tls.o)
                0x0800021c                __aeabi_idiv0
                0x0800021c                __aeabi_ldiv0
 .text          0x08000220       0x40 d:/st/toolchain/gcc-arm-none-eabi-10.3-2021.10/bin/../lib/gcc/arm-none-eabi/10.3.1/thumb/v6-m/nofp\libgcc.a(_aeabi_uldivmod.o)
                0x08000220                __aeabi_uldivmod
 .text          0x08000260       0x5c d:/st/toolchain/gcc-arm-none-eabi-10.3-2021.10/bin/../lib/gcc/arm-none-eabi/10.3.1/thumb/v6-m/nofp\libgcc.a(_muldi3.o)
                0x08000260                __muldi3
                0x08000260                __aeabi_lmul
 .text          0x080002bc      0x198 d:/st/toolchain/gcc-arm-none-eabi-10.3-2021.10/bin/../lib/gcc/arm-none-eabi/10.3.1/thumb/v6-m/nofp\libgcc.a(_udivmoddi4.o)
                0x080002bc                __udivmoddi4
 .text          0x08000454       0x18 d:/st/toolchain/gcc-arm-none-eabi-10.3-2021.10/bin/../lib/gcc/arm-none-eabi/10.3.1/thumb/v6-m/nofp\libgcc.a(_clzdi2.o)
                0x08000454                __clzdi2
 .text          0x0800046c       0x3c d:/st/toolchain/gcc-arm-none-eabi-10.3-2021.10/bin/../lib/gcc/arm-none-eabi/10.3.1/thumb/v6-m/nofp\libgcc.a(_clzsi2.o)
                0x0800046c                __clzsi2
 *(.text*)
 .text.Error_Handler
                0x080004a8        0x4 build/main.o
                0x080004a8                Error_Handler
 .text.SystemClock_Config
                0x080004ac       0x94 build/main.o
                0x080004ac                SystemClock_Config
 .text.main     0x08000540       0x4c build/main.o
                0x08000540                main
 .text.MX_GPIO_Init
                0x0800058c       0x4c build/gpio.o
                0x0800058c                MX_GPIO_Init
 .text.NMI_Handler
                0x080005d8        0x2 build/stm32l0xx_it.o
                0x080005d8                NMI_Handler
 .text.HardFault_Handler
                0x080005da        0x2 build/stm32l0xx_it.o
                0x080005da                HardFault_Handler
 .text.SVC_Handler
                0x080005dc        0x2 build/stm32l0xx_it.o
                0x080005dc                SVC_Handler
 .text.PendSV_Handler
                0x080005de        0x2 build/stm32l0xx_it.o
                0x080005de                PendSV_Handler
 .text.SysTick_Handler
                0x080005e0        0x8 build/stm32l0xx_it.o
                0x080005e0                SysTick_Handler
 .text.HAL_MspInit
                0x080005e8       0x1c build/stm32l0xx_hal_msp.o
                0x080005e8                HAL_MspInit
 .text.HAL_InitTick
                0x08000604       0x50 build/stm32l0xx_hal.o
                0x08000604                HAL_InitTick
 .text.HAL_Init
                0x08000654       0x28 build/stm32l0xx_hal.o
                0x08000654                HAL_Init
 .text.HAL_IncTick
                0x0800067c       0x18 build/stm32l0xx_hal.o
                0x0800067c                HAL_IncTick
 .text.HAL_GetTick
                0x08000694        0xc build/stm32l0xx_hal.o
                0x08000694                HAL_GetTick
 .text.HAL_Delay
                0x080006a0       0x24 build/stm32l0xx_hal.o
                0x080006a0                HAL_Delay
 .text.HAL_RCC_GetSysClockFreq
                0x080006c4       0xb0 build/stm32l0xx_hal_rcc.o
                0x080006c4                HAL_RCC_GetSysClockFreq
 .text.HAL_RCC_OscConfig
                0x08000774      0x50c build/stm32l0xx_hal_rcc.o
                0x08000774                HAL_RCC_OscConfig
 .text.HAL_RCC_ClockConfig
                0x08000c80      0x1d8 build/stm32l0xx_hal_rcc.o
                0x08000c80                HAL_RCC_ClockConfig
 .text.HAL_RCC_GetHCLKFreq
                0x08000e58        0xc build/stm32l0xx_hal_rcc.o
                0x08000e58                HAL_RCC_GetHCLKFreq
 .text.HAL_RCC_GetPCLK1Freq
                0x08000e64       0x20 build/stm32l0xx_hal_rcc.o
                0x08000e64                HAL_RCC_GetPCLK1Freq
 .text.HAL_RCC_GetPCLK2Freq
                0x08000e84       0x20 build/stm32l0xx_hal_rcc.o
                0x08000e84                HAL_RCC_GetPCLK2Freq
 .text.HAL_RCCEx_PeriphCLKConfig
                0x08000ea4      0x1b8 build/stm32l0xx_hal_rcc_ex.o
                0x08000ea4                HAL_RCCEx_PeriphCLKConfig
 .text.HAL_GPIO_Init
                0x0800105c      0x190 build/stm32l0xx_hal_gpio.o
                0x0800105c                HAL_GPIO_Init
 .text.HAL_GPIO_WritePin
                0x080011ec        0xc build/stm32l0xx_hal_gpio.o
                0x080011ec                HAL_GPIO_WritePin
 .text.HAL_GPIO_TogglePin
                0x080011f8       0x10 build/stm32l0xx_hal_gpio.o
                0x080011f8                HAL_GPIO_TogglePin
 .text.HAL_NVIC_SetPriority
                0x08001208       0x60 build/stm32l0xx_hal_cortex.o
                0x08001208                HAL_NVIC_SetPriority
 .text.HAL_SYSTICK_Config
                0x08001268       0x38 build/stm32l0xx_hal_cortex.o
                0x08001268                HAL_SYSTICK_Config
 .text.SystemInit
                0x080012a0        0x2 build/system_stm32l0xx.o
                0x080012a0                SystemInit
 *fill*         0x080012a2        0x2 
 .text.MX_USART2_UART_Init
                0x080012a4       0x3c build/usart.o
                0x080012a4                MX_USART2_UART_Init
 .text.HAL_UART_MspInit
                0x080012e0       0x5c build/usart.o
                0x080012e0                HAL_UART_MspInit
 .text.UART_SetConfig
                0x0800133c      0x2a8 build/stm32l0xx_hal_uart.o
                0x0800133c                UART_SetConfig
 .text.UART_AdvFeatureConfig
                0x080015e4       0xe0 build/stm32l0xx_hal_uart.o
                0x080015e4                UART_AdvFeatureConfig
 .text.UART_WaitOnFlagUntilTimeout
                0x080016c4       0xdc build/stm32l0xx_hal_uart.o
                0x080016c4                UART_WaitOnFlagUntilTimeout
 .text.HAL_UART_Transmit
                0x080017a0      0x102 build/stm32l0xx_hal_uart.o
                0x080017a0                HAL_UART_Transmit
 *fill*         0x080018a2        0x2 
 .text.UART_CheckIdleState
                0x080018a4       0x70 build/stm32l0xx_hal_uart.o
                0x080018a4                UART_CheckIdleState
 .text.HAL_UART_Init
                0x08001914       0x6c build/stm32l0xx_hal_uart.o
                0x08001914                HAL_UART_Init
 .text.Reset_Handler
                0x08001980       0x50 build/startup_stm32l051xx.o
                0x08001980                Reset_Handler
 .text.Default_Handler
                0x080019d0        0x2 build/startup_stm32l051xx.o
                0x080019d0                ADC1_COMP_IRQHandler
                0x080019d0                TIM6_IRQHandler
                0x080019d0                PVD_IRQHandler
                0x080019d0                I2C1_IRQHandler
                0x080019d0                SPI1_IRQHandler
                0x080019d0                EXTI2_3_IRQHandler
                0x080019d0                I2C2_IRQHandler
                0x080019d0                RTC_IRQHandler
                0x080019d0                DMA1_Channel4_5_6_7_IRQHandler
                0x080019d0                EXTI4_15_IRQHandler
                0x080019d0                RCC_IRQHandler
                0x080019d0                DMA1_Channel1_IRQHandler
                0x080019d0                Default_Handler
                0x080019d0                TIM22_IRQHandler
                0x080019d0                EXTI0_1_IRQHandler
                0x080019d0                SPI2_IRQHandler
                0x080019d0                TIM21_IRQHandler
                0x080019d0                WWDG_IRQHandler
                0x080019d0                LPUART1_IRQHandler
                0x080019d0                TIM2_IRQHandler
                0x080019d0                DMA1_Channel2_3_IRQHandler
                0x080019d0                USART2_IRQHandler
                0x080019d0                FLASH_IRQHandler
                0x080019d0                USART1_IRQHandler
                0x080019d0                LPTIM1_IRQHandler
 *fill*         0x080019d2        0x2 
 .text.__libc_init_array
                0x080019d4       0x48 d:/st/toolchain/gcc-arm-none-eabi-10.3-2021.10/bin/../lib/gcc/arm-none-eabi/10.3.1/../../../../arm-none-eabi/lib/thumb/v6-m/nofp\libc_nano.a(lib_a-init.o)
                0x080019d4                __libc_init_array
 .text.memset   0x08001a1c       0x10 d:/st/toolchain/gcc-arm-none-eabi-10.3-2021.10/bin/../lib/gcc/arm-none-eabi/10.3.1/../../../../arm-none-eabi/lib/thumb/v6-m/nofp\libc_nano.a(lib_a-memset.o)
                0x08001a1c                memset
 *(.glue_7)
 .glue_7        0x08001a2c        0x0 linker stubs
 *(.glue_7t)
 .glue_7t       0x08001a2c        0x0 linker stubs
 *(.eh_frame)
 .eh_frame      0x08001a2c        0x0 d:/st/toolchain/gcc-arm-none-eabi-10.3-2021.10/bin/../lib/gcc/arm-none-eabi/10.3.1/thumb/v6-m/nofp/crtbegin.o
 *(.init)
 .init          0x08001a2c        0x4 d:/st/toolchain/gcc-arm-none-eabi-10.3-2021.10/bin/../lib/gcc/arm-none-eabi/10.3.1/thumb/v6-m/nofp/crti.o
                0x08001a2c                _init
 .init          0x08001a30        0x8 d:/st/toolchain/gcc-arm-none-eabi-10.3-2021.10/bin/../lib/gcc/arm-none-eabi/10.3.1/thumb/v6-m/nofp/crtn.o
 *(.fini)
 .fini          0x08001a38        0x4 d:/st/toolchain/gcc-arm-none-eabi-10.3-2021.10/bin/../lib/gcc/arm-none-eabi/10.3.1/thumb/v6-m/nofp/crti.o
                0x08001a38                _fini
 .fini          0x08001a3c        0x8 d:/st/toolchain/gcc-arm-none-eabi-10.3-2021.10/bin/../lib/gcc/arm-none-eabi/10.3.1/thumb/v6-m/nofp/crtn.o
                0x08001a44                . = ALIGN (0x4)
                0x08001a44                _etext = .

.vfp11_veneer   0x08001a44        0x0
 .vfp11_veneer  0x08001a44        0x0 linker stubs

.v4_bx          0x08001a44        0x0
 .v4_bx         0x08001a44        0x0 linker stubs

.iplt           0x08001a44        0x0
 .iplt          0x08001a44        0x0 d:/st/toolchain/gcc-arm-none-eabi-10.3-2021.10/bin/../lib/gcc/arm-none-eabi/10.3.1/thumb/v6-m/nofp/crtbegin.o

.rodata         0x08001a44       0x7c
                0x08001a44                . = ALIGN (0x4)
 *(.rodata)
 *(.rodata*)
 .rodata.main.str1.4
                0x08001a44        0xf build/main.o
 *fill*         0x08001a53        0x1 
 .rodata.AHBPrescTable
                0x08001a54       0x10 build/system_stm32l0xx.o
                0x08001a54                AHBPrescTable
 .rodata.APBPrescTable
                0x08001a64        0x8 build/system_stm32l0xx.o
                0x08001a64                APBPrescTable
 .rodata.PLLMulTable
                0x08001a6c        0x9 build/system_stm32l0xx.o
                0x08001a6c                PLLMulTable
 *fill*         0x08001a75        0x3 
 .rodata.UART_SetConfig
                0x08001a78       0x48 build/stm32l0xx_hal_uart.o
                0x08001ac0                . = ALIGN (0x4)

.ARM.extab
 *(.ARM.extab* .gnu.linkonce.armextab.*)

.ARM            0x08001ac0        0x8
                0x08001ac0                __exidx_start = .
 *(.ARM.exidx*)
 .ARM.exidx     0x08001ac0        0x8 d:/st/toolchain/gcc-arm-none-eabi-10.3-2021.10/bin/../lib/gcc/arm-none-eabi/10.3.1/thumb/v6-m/nofp\libgcc.a(_udivmoddi4.o)
                0x08001ac8                __exidx_end = .

.rel.dyn        0x08001ac8        0x0
 .rel.iplt      0x08001ac8        0x0 d:/st/toolchain/gcc-arm-none-eabi-10.3-2021.10/bin/../lib/gcc/arm-none-eabi/10.3.1/thumb/v6-m/nofp/crtbegin.o

.preinit_array  0x08001ac8        0x0
                0x08001ac8                PROVIDE (__preinit_array_start = .)
 *(.preinit_array*)
                0x08001ac8                PROVIDE (__preinit_array_end = .)

.init_array     0x08001ac8        0x4
                0x08001ac8                PROVIDE (__init_array_start = .)
 *(SORT_BY_NAME(.init_array.*))
 *(.init_array*)
 .init_array    0x08001ac8        0x4 d:/st/toolchain/gcc-arm-none-eabi-10.3-2021.10/bin/../lib/gcc/arm-none-eabi/10.3.1/thumb/v6-m/nofp/crtbegin.o
                0x08001acc                PROVIDE (__init_array_end = .)

.fini_array     0x08001acc        0x4
                [!provide]                PROVIDE (__fini_array_start = .)
 *(SORT_BY_NAME(.fini_array.*))
 *(.fini_array*)
 .fini_array    0x08001acc        0x4 d:/st/toolchain/gcc-arm-none-eabi-10.3-2021.10/bin/../lib/gcc/arm-none-eabi/10.3.1/thumb/v6-m/nofp/crtbegin.o
                [!provide]                PROVIDE (__fini_array_end = .)
                0x08001ad0                _sidata = LOADADDR (.data)

.data           0x20000000        0xc load address 0x08001ad0
                0x20000000                . = ALIGN (0x4)
                0x20000000                _sdata = .
 *(.data)
 *(.data*)
 .data.uwTickFreq
                0x20000000        0x1 build/stm32l0xx_hal.o
                0x20000000                uwTickFreq
 *fill*         0x20000001        0x3 
 .data.uwTickPrio
                0x20000004        0x4 build/stm32l0xx_hal.o
                0x20000004                uwTickPrio
 .data.SystemCoreClock
                0x20000008        0x4 build/system_stm32l0xx.o
                0x20000008                SystemCoreClock
                0x2000000c                . = ALIGN (0x4)
                0x2000000c                _edata = .

.igot.plt       0x2000000c        0x0 load address 0x08001adc
 .igot.plt      0x2000000c        0x0 d:/st/toolchain/gcc-arm-none-eabi-10.3-2021.10/bin/../lib/gcc/arm-none-eabi/10.3.1/thumb/v6-m/nofp/crtbegin.o
                0x2000000c                . = ALIGN (0x4)

.bss            0x2000000c       0xa4 load address 0x08001adc
                0x2000000c                _sbss = .
                0x2000000c                __bss_start__ = _sbss
 *(.bss)
 .bss           0x2000000c       0x1c d:/st/toolchain/gcc-arm-none-eabi-10.3-2021.10/bin/../lib/gcc/arm-none-eabi/10.3.1/thumb/v6-m/nofp/crtbegin.o
 *(.bss*)
 .bss.uwTick    0x20000028        0x4 build/stm32l0xx_hal.o
                0x20000028                uwTick
 .bss.huart2    0x2000002c       0x84 build/usart.o
                0x2000002c                huart2
 *(COMMON)
                0x200000b0                . = ALIGN (0x4)
                0x200000b0                _ebss = .
                0x200000b0                __bss_end__ = _ebss

._user_heap_stack
                0x200000b0      0x600 load address 0x08001adc
                0x200000b0                . = ALIGN (0x8)
                [!provide]                PROVIDE (end = .)
                [!provide]                PROVIDE (_end = .)
                0x200002b0                . = (. + _Min_Heap_Size)
 *fill*         0x200000b0      0x200 
                0x200006b0                . = (. + _Min_Stack_Size)
 *fill*         0x200002b0      0x400 
                0x200006b0                . = ALIGN (0x8)

/DISCARD/
 libc.a(*)
 libm.a(*)
 libgcc.a(*)

.ARM.attributes
                0x00000000       0x28
 *(.ARM.attributes)
 .ARM.attributes
                0x00000000       0x1e d:/st/toolchain/gcc-arm-none-eabi-10.3-2021.10/bin/../lib/gcc/arm-none-eabi/10.3.1/thumb/v6-m/nofp/crti.o
 .ARM.attributes
                0x0000001e       0x2c d:/st/toolchain/gcc-arm-none-eabi-10.3-2021.10/bin/../lib/gcc/arm-none-eabi/10.3.1/thumb/v6-m/nofp/crtbegin.o
 .ARM.attributes
                0x0000004a       0x2c build/main.o
 .ARM.attributes
                0x00000076       0x2c build/gpio.o
 .ARM.attributes
                0x000000a2       0x2c build/stm32l0xx_it.o
 .ARM.attributes
                0x000000ce       0x2c build/stm32l0xx_hal_msp.o
 .ARM.attributes
                0x000000fa       0x2c build/stm32l0xx_hal.o
 .ARM.attributes
                0x00000126       0x2c build/stm32l0xx_hal_rcc.o
 .ARM.attributes
                0x00000152       0x2c build/stm32l0xx_hal_rcc_ex.o
 .ARM.attributes
                0x0000017e       0x2c build/stm32l0xx_hal_gpio.o
 .ARM.attributes
                0x000001aa       0x2c build/stm32l0xx_hal_cortex.o
 .ARM.attributes
                0x000001d6       0x2c build/system_stm32l0xx.o
 .ARM.attributes
                0x00000202       0x2c build/usart.o
 .ARM.attributes
                0x0000022e       0x2c build/stm32l0xx_hal_uart.o
 .ARM.attributes
                0x0000025a       0x22 build/startup_stm32l051xx.o
 .ARM.attributes
                0x0000027c       0x2c d:/st/toolchain/gcc-arm-none-eabi-10.3-2021.10/bin/../lib/gcc/arm-none-eabi/10.3.1/../../../../arm-none-eabi/lib/thumb/v6-m/nofp\libc_nano.a(lib_a-init.o)
 .ARM.attributes
                0x000002a8       0x2c d:/st/toolchain/gcc-arm-none-eabi-10.3-2021.10/bin/../lib/gcc/arm-none-eabi/10.3.1/../../../../arm-none-eabi/lib/thumb/v6-m/nofp\libc_nano.a(lib_a-memset.o)
 .ARM.attributes
                0x000002d4       0x1e d:/st/toolchain/gcc-arm-none-eabi-10.3-2021.10/bin/../lib/gcc/arm-none-eabi/10.3.1/thumb/v6-m/nofp\libgcc.a(_udivsi3.o)
 .ARM.attributes
                0x000002f2       0x1e d:/st/toolchain/gcc-arm-none-eabi-10.3-2021.10/bin/../lib/gcc/arm-none-eabi/10.3.1/thumb/v6-m/nofp\libgcc.a(_dvmd_tls.o)
 .ARM.attributes
                0x00000310       0x1e d:/st/toolchain/gcc-arm-none-eabi-10.3-2021.10/bin/../lib/gcc/arm-none-eabi/10.3.1/thumb/v6-m/nofp\libgcc.a(_aeabi_uldivmod.o)
 .ARM.attributes
                0x0000032e       0x2c d:/st/toolchain/gcc-arm-none-eabi-10.3-2021.10/bin/../lib/gcc/arm-none-eabi/10.3.1/thumb/v6-m/nofp\libgcc.a(_muldi3.o)
 .ARM.attributes
                0x0000035a       0x2c d:/st/toolchain/gcc-arm-none-eabi-10.3-2021.10/bin/../lib/gcc/arm-none-eabi/10.3.1/thumb/v6-m/nofp\libgcc.a(_udivmoddi4.o)
 .ARM.attributes
                0x00000386       0x1e d:/st/toolchain/gcc-arm-none-eabi-10.3-2021.10/bin/../lib/gcc/arm-none-eabi/10.3.1/thumb/v6-m/nofp\libgcc.a(_clzdi2.o)
 .ARM.attributes
                0x000003a4       0x1e d:/st/toolchain/gcc-arm-none-eabi-10.3-2021.10/bin/../lib/gcc/arm-none-eabi/10.3.1/thumb/v6-m/nofp\libgcc.a(_clzsi2.o)
 .ARM.attributes
                0x000003c2       0x1e d:/st/toolchain/gcc-arm-none-eabi-10.3-2021.10/bin/../lib/gcc/arm-none-eabi/10.3.1/thumb/v6-m/nofp/crtn.o
OUTPUT(build/R-CUBE_rev0.elf elf32-littlearm)
LOAD linker stubs
LOAD d:/st/toolchain/gcc-arm-none-eabi-10.3-2021.10/bin/../lib/gcc/arm-none-eabi/10.3.1/../../../../arm-none-eabi/lib/thumb/v6-m/nofp\libc.a
LOAD d:/st/toolchain/gcc-arm-none-eabi-10.3-2021.10/bin/../lib/gcc/arm-none-eabi/10.3.1/../../../../arm-none-eabi/lib/thumb/v6-m/nofp\libm.a
LOAD d:/st/toolchain/gcc-arm-none-eabi-10.3-2021.10/bin/../lib/gcc/arm-none-eabi/10.3.1/thumb/v6-m/nofp\libgcc.a

.debug_info     0x00000000     0xa3f0
 .debug_info    0x00000000      0xc69 build/main.o
 .debug_info    0x00000c69      0x409 build/gpio.o
 .debug_info    0x00001072      0x103 build/stm32l0xx_it.o
 .debug_info    0x00001175      0x211 build/stm32l0xx_hal_msp.o
 .debug_info    0x00001386      0x9ed build/stm32l0xx_hal.o
 .debug_info    0x00001d73      0xd6f build/stm32l0xx_hal_rcc.o
 .debug_info    0x00002ae2      0x605 build/stm32l0xx_hal_rcc_ex.o
 .debug_info    0x000030e7      0x764 build/stm32l0xx_hal_gpio.o
 .debug_info    0x0000384b      0xaa9 build/stm32l0xx_hal_cortex.o
 .debug_info    0x000042f4      0x383 build/system_stm32l0xx.o
 .debug_info    0x00004677      0xaf0 build/usart.o
 .debug_info    0x00005167     0x5267 build/stm32l0xx_hal_uart.o
 .debug_info    0x0000a3ce       0x22 build/startup_stm32l051xx.o

.debug_abbrev   0x00000000     0x16e1
 .debug_abbrev  0x00000000      0x21c build/main.o
 .debug_abbrev  0x0000021c      0x163 build/gpio.o
 .debug_abbrev  0x0000037f       0x81 build/stm32l0xx_it.o
 .debug_abbrev  0x00000400       0x9c build/stm32l0xx_hal_msp.o
 .debug_abbrev  0x0000049c      0x29c build/stm32l0xx_hal.o
 .debug_abbrev  0x00000738      0x2bf build/stm32l0xx_hal_rcc.o
 .debug_abbrev  0x000009f7      0x1ef build/stm32l0xx_hal_rcc_ex.o
 .debug_abbrev  0x00000be6      0x211 build/stm32l0xx_hal_gpio.o
 .debug_abbrev  0x00000df7      0x2a2 build/stm32l0xx_hal_cortex.o
 .debug_abbrev  0x00001099      0x134 build/system_stm32l0xx.o
 .debug_abbrev  0x000011cd      0x1e9 build/usart.o
 .debug_abbrev  0x000013b6      0x319 build/stm32l0xx_hal_uart.o
 .debug_abbrev  0x000016cf       0x12 build/startup_stm32l051xx.o

.debug_loc      0x00000000     0x5d54
 .debug_loc     0x00000000       0x4d build/main.o
 .debug_loc     0x0000004d       0x2c build/gpio.o
 .debug_loc     0x00000079       0x20 build/stm32l0xx_it.o
 .debug_loc     0x00000099      0x212 build/stm32l0xx_hal.o
 .debug_loc     0x000002ab      0x878 build/stm32l0xx_hal_rcc.o
 .debug_loc     0x00000b23      0x3e3 build/stm32l0xx_hal_rcc_ex.o
 .debug_loc     0x00000f06      0x44c build/stm32l0xx_hal_gpio.o
 .debug_loc     0x00001352      0x498 build/stm32l0xx_hal_cortex.o
 .debug_loc     0x000017ea      0x20f build/system_stm32l0xx.o
 .debug_loc     0x000019f9       0xed build/usart.o
 .debug_loc     0x00001ae6     0x426e build/stm32l0xx_hal_uart.o

.debug_aranges  0x00000000      0x628
 .debug_aranges
                0x00000000       0x30 build/main.o
 .debug_aranges
                0x00000030       0x20 build/gpio.o
 .debug_aranges
                0x00000050       0x40 build/stm32l0xx_it.o
 .debug_aranges
                0x00000090       0x20 build/stm32l0xx_hal_msp.o
 .debug_aranges
                0x000000b0      0x110 build/stm32l0xx_hal.o
 .debug_aranges
                0x000001c0       0x80 build/stm32l0xx_hal_rcc.o
 .debug_aranges
                0x00000240       0x58 build/stm32l0xx_hal_rcc_ex.o
 .debug_aranges
                0x00000298       0x58 build/stm32l0xx_hal_gpio.o
 .debug_aranges
                0x000002f0       0x90 build/stm32l0xx_hal_cortex.o
 .debug_aranges
                0x00000380       0x28 build/system_stm32l0xx.o
 .debug_aranges
                0x000003a8       0x30 build/usart.o
 .debug_aranges
                0x000003d8      0x228 build/stm32l0xx_hal_uart.o
 .debug_aranges
                0x00000600       0x28 build/startup_stm32l051xx.o

.debug_ranges   0x00000000      0x5f0
 .debug_ranges  0x00000000       0x20 build/main.o
 .debug_ranges  0x00000020       0x10 build/gpio.o
 .debug_ranges  0x00000030       0x30 build/stm32l0xx_it.o
 .debug_ranges  0x00000060       0x10 build/stm32l0xx_hal_msp.o
 .debug_ranges  0x00000070      0x100 build/stm32l0xx_hal.o
 .debug_ranges  0x00000170       0xa0 build/stm32l0xx_hal_rcc.o
 .debug_ranges  0x00000210       0x48 build/stm32l0xx_hal_rcc_ex.o
 .debug_ranges  0x00000258       0x48 build/stm32l0xx_hal_gpio.o
 .debug_ranges  0x000002a0       0xe0 build/stm32l0xx_hal_cortex.o
 .debug_ranges  0x00000380       0x18 build/system_stm32l0xx.o
 .debug_ranges  0x00000398       0x20 build/usart.o
 .debug_ranges  0x000003b8      0x218 build/stm32l0xx_hal_uart.o
 .debug_ranges  0x000005d0       0x20 build/startup_stm32l051xx.o

.debug_line     0x00000000     0x7106
 .debug_line    0x00000000      0x363 build/main.o
 .debug_line    0x00000363      0x1b0 build/gpio.o
 .debug_line    0x00000513       0xf5 build/stm32l0xx_it.o
 .debug_line    0x00000608      0x148 build/stm32l0xx_hal_msp.o
 .debug_line    0x00000750      0x5f0 build/stm32l0xx_hal.o
 .debug_line    0x00000d40      0xd2b build/stm32l0xx_hal_rcc.o
 .debug_line    0x00001a6b      0x6fc build/stm32l0xx_hal_rcc_ex.o
 .debug_line    0x00002167      0x64b build/stm32l0xx_hal_gpio.o
 .debug_line    0x000027b2      0x648 build/stm32l0xx_hal_cortex.o
 .debug_line    0x00002dfa      0x253 build/system_stm32l0xx.o
 .debug_line    0x0000304d      0x2d7 build/usart.o
 .debug_line    0x00003324     0x3d6b build/stm32l0xx_hal_uart.o
 .debug_line    0x0000708f       0x77 build/startup_stm32l051xx.o

.debug_str      0x00000000     0x1fd6
 .debug_str     0x00000000      0x819 build/main.o
                                0x8b1 (size before relaxing)
 .debug_str     0x00000819      0x121 build/gpio.o
                                0x2e0 (size before relaxing)
 .debug_str     0x0000093a       0x6d build/stm32l0xx_it.o
                                0x1bc (size before relaxing)
 .debug_str     0x000009a7       0x29 build/stm32l0xx_hal_msp.o
                                0x224 (size before relaxing)
 .debug_str     0x000009d0      0x5b9 build/stm32l0xx_hal.o
                                0x817 (size before relaxing)
 .debug_str     0x00000f89      0x205 build/stm32l0xx_hal_rcc.o
                                0x6d1 (size before relaxing)
 .debug_str     0x0000118e      0x13a build/stm32l0xx_hal_rcc_ex.o
                                0x4d1 (size before relaxing)
 .debug_str     0x000012c8       0xd2 build/stm32l0xx_hal_gpio.o
                                0x431 (size before relaxing)
 .debug_str     0x0000139a      0x37c build/stm32l0xx_hal_cortex.o
                                0x6d5 (size before relaxing)
 .debug_str     0x00001716       0x5e build/system_stm32l0xx.o
                                0x2b1 (size before relaxing)
 .debug_str     0x00001774       0x4e build/usart.o
                                0x743 (size before relaxing)
 .debug_str     0x000017c2      0x7f0 build/stm32l0xx_hal_uart.o
                                0xf2c (size before relaxing)
 .debug_str     0x00001fb2       0x24 build/startup_stm32l051xx.o
                                 0x4f (size before relaxing)

.comment        0x00000000       0x49
 .comment       0x00000000       0x49 build/main.o
                                 0x4a (size before relaxing)
 .comment       0x00000049       0x4a build/gpio.o
 .comment       0x00000049       0x4a build/stm32l0xx_it.o
 .comment       0x00000049       0x4a build/stm32l0xx_hal_msp.o
 .comment       0x00000049       0x4a build/stm32l0xx_hal.o
 .comment       0x00000049       0x4a build/stm32l0xx_hal_rcc.o
 .comment       0x00000049       0x4a build/stm32l0xx_hal_rcc_ex.o
 .comment       0x00000049       0x4a build/stm32l0xx_hal_gpio.o
 .comment       0x00000049       0x4a build/stm32l0xx_hal_cortex.o
 .comment       0x00000049       0x4a build/system_stm32l0xx.o
 .comment       0x00000049       0x4a build/usart.o
 .comment       0x00000049       0x4a build/stm32l0xx_hal_uart.o

.debug_frame    0x00000000      0xea0
 .debug_frame   0x00000000       0x50 build/main.o
 .debug_frame   0x00000050       0x2c build/gpio.o
 .debug_frame   0x0000007c       0x68 build/stm32l0xx_it.o
 .debug_frame   0x000000e4       0x20 build/stm32l0xx_hal_msp.o
 .debug_frame   0x00000104      0x22c build/stm32l0xx_hal.o
 .debug_frame   0x00000330      0x144 build/stm32l0xx_hal_rcc.o
 .debug_frame   0x00000474       0xac build/stm32l0xx_hal_rcc_ex.o
 .debug_frame   0x00000520       0xc0 build/stm32l0xx_hal_gpio.o
 .debug_frame   0x000005e0      0x114 build/stm32l0xx_hal_cortex.o
 .debug_frame   0x000006f4       0x38 build/system_stm32l0xx.o
 .debug_frame   0x0000072c       0x5c build/usart.o
 .debug_frame   0x00000788      0x63c build/stm32l0xx_hal_uart.o
 .debug_frame   0x00000dc4       0x2c d:/st/toolchain/gcc-arm-none-eabi-10.3-2021.10/bin/../lib/gcc/arm-none-eabi/10.3.1/../../../../arm-none-eabi/lib/thumb/v6-m/nofp\libc_nano.a(lib_a-init.o)
 .debug_frame   0x00000df0       0x20 d:/st/toolchain/gcc-arm-none-eabi-10.3-2021.10/bin/../lib/gcc/arm-none-eabi/10.3.1/../../../../arm-none-eabi/lib/thumb/v6-m/nofp\libc_nano.a(lib_a-memset.o)
 .debug_frame   0x00000e10       0x20 d:/st/toolchain/gcc-arm-none-eabi-10.3-2021.10/bin/../lib/gcc/arm-none-eabi/10.3.1/thumb/v6-m/nofp\libgcc.a(_udivsi3.o)
 .debug_frame   0x00000e30       0x34 d:/st/toolchain/gcc-arm-none-eabi-10.3-2021.10/bin/../lib/gcc/arm-none-eabi/10.3.1/thumb/v6-m/nofp\libgcc.a(_muldi3.o)
 .debug_frame   0x00000e64       0x3c d:/st/toolchain/gcc-arm-none-eabi-10.3-2021.10/bin/../lib/gcc/arm-none-eabi/10.3.1/thumb/v6-m/nofp\libgcc.a(_udivmoddi4.o)

Cross Reference Table

Symbol                                            File
ADC1_COMP_IRQHandler                              build/startup_stm32l051xx.o
AHBPrescTable                                     build/system_stm32l0xx.o
                                                  build/stm32l0xx_hal_rcc.o
APBPrescTable                                     build/system_stm32l0xx.o
                                                  build/stm32l0xx_hal_rcc.o
DMA1_Channel1_IRQHandler                          build/startup_stm32l051xx.o
DMA1_Channel2_3_IRQHandler                        build/startup_stm32l051xx.o
DMA1_Channel4_5_6_7_IRQHandler                    build/startup_stm32l051xx.o
Default_Handler                                   build/startup_stm32l051xx.o
EXTI0_1_IRQHandler                                build/startup_stm32l051xx.o
EXTI2_3_IRQHandler                                build/startup_stm32l051xx.o
EXTI4_15_IRQHandler                               build/startup_stm32l051xx.o
Error_Handler                                     build/main.o
                                                  build/usart.o
FLASH_IRQHandler                                  build/startup_stm32l051xx.o
FLASH_PageErase                                   build/stm32l0xx_hal_flash_ex.o
                                                  build/stm32l0xx_hal_flash.o
FLASH_WaitForLastOperation                        build/stm32l0xx_hal_flash.o
                                                  build/stm32l0xx_hal_flash_ex.o
HAL_DBGMCU_DBG_DisableLowPowerConfig              build/stm32l0xx_hal.o
HAL_DBGMCU_DBG_EnableLowPowerConfig               build/stm32l0xx_hal.o
HAL_DBGMCU_DisableDBGSleepMode                    build/stm32l0xx_hal.o
HAL_DBGMCU_DisableDBGStandbyMode                  build/stm32l0xx_hal.o
HAL_DBGMCU_DisableDBGStopMode                     build/stm32l0xx_hal.o
HAL_DBGMCU_EnableDBGSleepMode                     build/stm32l0xx_hal.o
HAL_DBGMCU_EnableDBGStandbyMode                   build/stm32l0xx_hal.o
HAL_DBGMCU_EnableDBGStopMode                      build/stm32l0xx_hal.o
HAL_DMA_Abort                                     build/stm32l0xx_hal_dma.o
                                                  build/stm32l0xx_hal_uart.o
HAL_DMA_Abort_IT                                  build/stm32l0xx_hal_dma.o
                                                  build/stm32l0xx_hal_uart.o
                                                  build/stm32l0xx_hal_i2c.o
HAL_DMA_DeInit                                    build/stm32l0xx_hal_dma.o
HAL_DMA_GetError                                  build/stm32l0xx_hal_dma.o
                                                  build/stm32l0xx_hal_uart.o
HAL_DMA_GetState                                  build/stm32l0xx_hal_dma.o
                                                  build/stm32l0xx_hal_i2c.o
HAL_DMA_IRQHandler                                build/stm32l0xx_hal_dma.o
HAL_DMA_Init                                      build/stm32l0xx_hal_dma.o
HAL_DMA_PollForTransfer                           build/stm32l0xx_hal_dma.o
HAL_DMA_RegisterCallback                          build/stm32l0xx_hal_dma.o
HAL_DMA_Start                                     build/stm32l0xx_hal_dma.o
HAL_DMA_Start_IT                                  build/stm32l0xx_hal_dma.o
                                                  build/stm32l0xx_hal_uart.o
                                                  build/stm32l0xx_hal_i2c.o
HAL_DMA_UnRegisterCallback                        build/stm32l0xx_hal_dma.o
HAL_DeInit                                        build/stm32l0xx_hal.o
HAL_Delay                                         build/stm32l0xx_hal.o
                                                  build/main.o
HAL_EXTI_ClearConfigLine                          build/stm32l0xx_hal_exti.o
HAL_EXTI_ClearPending                             build/stm32l0xx_hal_exti.o
HAL_EXTI_GenerateSWI                              build/stm32l0xx_hal_exti.o
HAL_EXTI_GetConfigLine                            build/stm32l0xx_hal_exti.o
HAL_EXTI_GetHandle                                build/stm32l0xx_hal_exti.o
HAL_EXTI_GetPending                               build/stm32l0xx_hal_exti.o
HAL_EXTI_IRQHandler                               build/stm32l0xx_hal_exti.o
HAL_EXTI_RegisterCallback                         build/stm32l0xx_hal_exti.o
HAL_EXTI_SetConfigLine                            build/stm32l0xx_hal_exti.o
HAL_FLASHEx_AdvOBGetConfig                        build/stm32l0xx_hal_flash_ex.o
HAL_FLASHEx_AdvOBProgram                          build/stm32l0xx_hal_flash_ex.o
HAL_FLASHEx_DATAEEPROM_DisableFixedTimeProgram    build/stm32l0xx_hal_flash_ex.o
HAL_FLASHEx_DATAEEPROM_EnableFixedTimeProgram     build/stm32l0xx_hal_flash_ex.o
HAL_FLASHEx_DATAEEPROM_Erase                      build/stm32l0xx_hal_flash_ex.o
HAL_FLASHEx_DATAEEPROM_Lock                       build/stm32l0xx_hal_flash_ex.o
HAL_FLASHEx_DATAEEPROM_Program                    build/stm32l0xx_hal_flash_ex.o
HAL_FLASHEx_DATAEEPROM_Unlock                     build/stm32l0xx_hal_flash_ex.o
HAL_FLASHEx_DisableRunPowerDown                   build/stm32l0xx_hal_flash_ramfunc.o
HAL_FLASHEx_EnableRunPowerDown                    build/stm32l0xx_hal_flash_ramfunc.o
HAL_FLASHEx_Erase                                 build/stm32l0xx_hal_flash_ex.o
HAL_FLASHEx_Erase_IT                              build/stm32l0xx_hal_flash_ex.o
HAL_FLASHEx_GetError                              build/stm32l0xx_hal_flash_ramfunc.o
HAL_FLASHEx_HalfPageProgram                       build/stm32l0xx_hal_flash_ramfunc.o
HAL_FLASHEx_OBGetConfig                           build/stm32l0xx_hal_flash_ex.o
HAL_FLASHEx_OBProgram                             build/stm32l0xx_hal_flash_ex.o
HAL_FLASHEx_OB_DeSelectPCROP                      build/stm32l0xx_hal_flash_ex.o
HAL_FLASHEx_OB_SelectPCROP                        build/stm32l0xx_hal_flash_ex.o
HAL_FLASH_EndOfOperationCallback                  build/stm32l0xx_hal_flash.o
HAL_FLASH_GetError                                build/stm32l0xx_hal_flash.o
HAL_FLASH_IRQHandler                              build/stm32l0xx_hal_flash.o
HAL_FLASH_Lock                                    build/stm32l0xx_hal_flash.o
HAL_FLASH_OB_Launch                               build/stm32l0xx_hal_flash.o
HAL_FLASH_OB_Lock                                 build/stm32l0xx_hal_flash.o
HAL_FLASH_OB_Unlock                               build/stm32l0xx_hal_flash.o
HAL_FLASH_OperationErrorCallback                  build/stm32l0xx_hal_flash.o
HAL_FLASH_Program                                 build/stm32l0xx_hal_flash.o
HAL_FLASH_Program_IT                              build/stm32l0xx_hal_flash.o
HAL_FLASH_Unlock                                  build/stm32l0xx_hal_flash.o
HAL_GPIO_DeInit                                   build/stm32l0xx_hal_gpio.o
                                                  build/usart.o
HAL_GPIO_EXTI_Callback                            build/stm32l0xx_hal_gpio.o
HAL_GPIO_EXTI_IRQHandler                          build/stm32l0xx_hal_gpio.o
HAL_GPIO_Init                                     build/stm32l0xx_hal_gpio.o
                                                  build/usart.o
                                                  build/stm32l0xx_hal_rcc.o
                                                  build/gpio.o
HAL_GPIO_LockPin                                  build/stm32l0xx_hal_gpio.o
HAL_GPIO_ReadPin                                  build/stm32l0xx_hal_gpio.o
HAL_GPIO_TogglePin                                build/stm32l0xx_hal_gpio.o
                                                  build/main.o
HAL_GPIO_WritePin                                 build/stm32l0xx_hal_gpio.o
                                                  build/gpio.o
HAL_GetDEVID                                      build/stm32l0xx_hal.o
HAL_GetHalVersion                                 build/stm32l0xx_hal.o
HAL_GetREVID                                      build/stm32l0xx_hal.o
HAL_GetTick                                       build/stm32l0xx_hal.o
                                                  build/stm32l0xx_hal_uart_ex.o
                                                  build/stm32l0xx_hal_uart.o
                                                  build/stm32l0xx_hal_dma.o
                                                  build/stm32l0xx_hal_flash.o
                                                  build/stm32l0xx_hal_rcc_ex.o
                                                  build/stm32l0xx_hal_rcc.o
                                                  build/stm32l0xx_hal_i2c.o
HAL_GetTickFreq                                   build/stm32l0xx_hal.o
HAL_GetTickPrio                                   build/stm32l0xx_hal.o
HAL_GetUIDw0                                      build/stm32l0xx_hal.o
HAL_GetUIDw1                                      build/stm32l0xx_hal.o
HAL_GetUIDw2                                      build/stm32l0xx_hal.o
HAL_HalfDuplex_EnableReceiver                     build/stm32l0xx_hal_uart.o
HAL_HalfDuplex_EnableTransmitter                  build/stm32l0xx_hal_uart.o
HAL_HalfDuplex_Init                               build/stm32l0xx_hal_uart.o
HAL_I2CEx_ConfigAnalogFilter                      build/stm32l0xx_hal_i2c_ex.o
HAL_I2CEx_ConfigDigitalFilter                     build/stm32l0xx_hal_i2c_ex.o
HAL_I2CEx_DisableFastModePlus                     build/stm32l0xx_hal_i2c_ex.o
HAL_I2CEx_DisableWakeUp                           build/stm32l0xx_hal_i2c_ex.o
HAL_I2CEx_EnableFastModePlus                      build/stm32l0xx_hal_i2c_ex.o
HAL_I2CEx_EnableWakeUp                            build/stm32l0xx_hal_i2c_ex.o
HAL_I2C_AbortCpltCallback                         build/stm32l0xx_hal_i2c.o
HAL_I2C_AddrCallback                              build/stm32l0xx_hal_i2c.o
HAL_I2C_DeInit                                    build/stm32l0xx_hal_i2c.o
HAL_I2C_DisableListen_IT                          build/stm32l0xx_hal_i2c.o
HAL_I2C_ER_IRQHandler                             build/stm32l0xx_hal_i2c.o
HAL_I2C_EV_IRQHandler                             build/stm32l0xx_hal_i2c.o
HAL_I2C_EnableListen_IT                           build/stm32l0xx_hal_i2c.o
HAL_I2C_ErrorCallback                             build/stm32l0xx_hal_i2c.o
HAL_I2C_GetError                                  build/stm32l0xx_hal_i2c.o
HAL_I2C_GetMode                                   build/stm32l0xx_hal_i2c.o
HAL_I2C_GetState                                  build/stm32l0xx_hal_i2c.o
HAL_I2C_Init                                      build/stm32l0xx_hal_i2c.o
HAL_I2C_IsDeviceReady                             build/stm32l0xx_hal_i2c.o
HAL_I2C_ListenCpltCallback                        build/stm32l0xx_hal_i2c.o
HAL_I2C_MasterRxCpltCallback                      build/stm32l0xx_hal_i2c.o
HAL_I2C_MasterTxCpltCallback                      build/stm32l0xx_hal_i2c.o
HAL_I2C_Master_Abort_IT                           build/stm32l0xx_hal_i2c.o
HAL_I2C_Master_Receive                            build/stm32l0xx_hal_i2c.o
HAL_I2C_Master_Receive_DMA                        build/stm32l0xx_hal_i2c.o
HAL_I2C_Master_Receive_IT                         build/stm32l0xx_hal_i2c.o
HAL_I2C_Master_Seq_Receive_DMA                    build/stm32l0xx_hal_i2c.o
HAL_I2C_Master_Seq_Receive_IT                     build/stm32l0xx_hal_i2c.o
HAL_I2C_Master_Seq_Transmit_DMA                   build/stm32l0xx_hal_i2c.o
HAL_I2C_Master_Seq_Transmit_IT                    build/stm32l0xx_hal_i2c.o
HAL_I2C_Master_Transmit                           build/stm32l0xx_hal_i2c.o
HAL_I2C_Master_Transmit_DMA                       build/stm32l0xx_hal_i2c.o
HAL_I2C_Master_Transmit_IT                        build/stm32l0xx_hal_i2c.o
HAL_I2C_MemRxCpltCallback                         build/stm32l0xx_hal_i2c.o
HAL_I2C_MemTxCpltCallback                         build/stm32l0xx_hal_i2c.o
HAL_I2C_Mem_Read                                  build/stm32l0xx_hal_i2c.o
HAL_I2C_Mem_Read_DMA                              build/stm32l0xx_hal_i2c.o
HAL_I2C_Mem_Read_IT                               build/stm32l0xx_hal_i2c.o
HAL_I2C_Mem_Write                                 build/stm32l0xx_hal_i2c.o
HAL_I2C_Mem_Write_DMA                             build/stm32l0xx_hal_i2c.o
HAL_I2C_Mem_Write_IT                              build/stm32l0xx_hal_i2c.o
HAL_I2C_MspDeInit                                 build/stm32l0xx_hal_i2c.o
HAL_I2C_MspInit                                   build/stm32l0xx_hal_i2c.o
HAL_I2C_SlaveRxCpltCallback                       build/stm32l0xx_hal_i2c.o
HAL_I2C_SlaveTxCpltCallback                       build/stm32l0xx_hal_i2c.o
HAL_I2C_Slave_Receive                             build/stm32l0xx_hal_i2c.o
HAL_I2C_Slave_Receive_DMA                         build/stm32l0xx_hal_i2c.o
HAL_I2C_Slave_Receive_IT                          build/stm32l0xx_hal_i2c.o
HAL_I2C_Slave_Seq_Receive_DMA                     build/stm32l0xx_hal_i2c.o
HAL_I2C_Slave_Seq_Receive_IT                      build/stm32l0xx_hal_i2c.o
HAL_I2C_Slave_Seq_Transmit_DMA                    build/stm32l0xx_hal_i2c.o
HAL_I2C_Slave_Seq_Transmit_IT                     build/stm32l0xx_hal_i2c.o
HAL_I2C_Slave_Transmit                            build/stm32l0xx_hal_i2c.o
HAL_I2C_Slave_Transmit_DMA                        build/stm32l0xx_hal_i2c.o
HAL_I2C_Slave_Transmit_IT                         build/stm32l0xx_hal_i2c.o
HAL_IncTick                                       build/stm32l0xx_hal.o
                                                  build/stm32l0xx_it.o
HAL_Init                                          build/stm32l0xx_hal.o
                                                  build/main.o
HAL_InitTick                                      build/stm32l0xx_hal.o
                                                  build/stm32l0xx_hal_rcc.o
HAL_LIN_Init                                      build/stm32l0xx_hal_uart.o
HAL_LIN_SendBreak                                 build/stm32l0xx_hal_uart.o
HAL_MPU_ConfigRegion                              build/stm32l0xx_hal_cortex.o
HAL_MPU_Disable                                   build/stm32l0xx_hal_cortex.o
HAL_MPU_Enable                                    build/stm32l0xx_hal_cortex.o
HAL_MspDeInit                                     build/stm32l0xx_hal.o
HAL_MspInit                                       build/stm32l0xx_hal_msp.o
HAL_MultiProcessorEx_AddressLength_Set            build/stm32l0xx_hal_uart_ex.o
HAL_MultiProcessor_DisableMuteMode                build/stm32l0xx_hal_uart.o
HAL_MultiProcessor_EnableMuteMode                 build/stm32l0xx_hal_uart.o
HAL_MultiProcessor_EnterMuteMode                  build/stm32l0xx_hal_uart.o
HAL_MultiProcessor_Init                           build/stm32l0xx_hal_uart.o
HAL_NVIC_ClearPendingIRQ                          build/stm32l0xx_hal_cortex.o
HAL_NVIC_DisableIRQ                               build/stm32l0xx_hal_cortex.o
HAL_NVIC_EnableIRQ                                build/stm32l0xx_hal_cortex.o
HAL_NVIC_GetPendingIRQ                            build/stm32l0xx_hal_cortex.o
HAL_NVIC_GetPriority                              build/stm32l0xx_hal_cortex.o
HAL_NVIC_SetPendingIRQ                            build/stm32l0xx_hal_cortex.o
HAL_NVIC_SetPriority                              build/stm32l0xx_hal_cortex.o
                                                  build/stm32l0xx_hal.o
HAL_NVIC_SystemReset                              build/stm32l0xx_hal_cortex.o
HAL_PWREx_DisableFastWakeUp                       build/stm32l0xx_hal_pwr_ex.o
HAL_PWREx_DisableLowPowerRunMode                  build/stm32l0xx_hal_pwr_ex.o
HAL_PWREx_DisableUltraLowPower                    build/stm32l0xx_hal_pwr_ex.o
HAL_PWREx_EnableFastWakeUp                        build/stm32l0xx_hal_pwr_ex.o
HAL_PWREx_EnableLowPowerRunMode                   build/stm32l0xx_hal_pwr_ex.o
HAL_PWREx_EnableUltraLowPower                     build/stm32l0xx_hal_pwr_ex.o
HAL_PWREx_GetVoltageRange                         build/stm32l0xx_hal_pwr_ex.o
HAL_PWR_ConfigPVD                                 build/stm32l0xx_hal_pwr.o
HAL_PWR_DeInit                                    build/stm32l0xx_hal_pwr.o
HAL_PWR_DisableBkUpAccess                         build/stm32l0xx_hal_pwr.o
HAL_PWR_DisablePVD                                build/stm32l0xx_hal_pwr.o
HAL_PWR_DisableSEVOnPend                          build/stm32l0xx_hal_pwr.o
HAL_PWR_DisableSleepOnExit                        build/stm32l0xx_hal_pwr.o
HAL_PWR_DisableWakeUpPin                          build/stm32l0xx_hal_pwr.o
HAL_PWR_EnableBkUpAccess                          build/stm32l0xx_hal_pwr.o
HAL_PWR_EnablePVD                                 build/stm32l0xx_hal_pwr.o
HAL_PWR_EnableSEVOnPend                           build/stm32l0xx_hal_pwr.o
HAL_PWR_EnableSleepOnExit                         build/stm32l0xx_hal_pwr.o
HAL_PWR_EnableWakeUpPin                           build/stm32l0xx_hal_pwr.o
HAL_PWR_EnterSLEEPMode                            build/stm32l0xx_hal_pwr.o
HAL_PWR_EnterSTANDBYMode                          build/stm32l0xx_hal_pwr.o
HAL_PWR_EnterSTOPMode                             build/stm32l0xx_hal_pwr.o
HAL_PWR_PVDCallback                               build/stm32l0xx_hal_pwr.o
HAL_PWR_PVD_IRQHandler                            build/stm32l0xx_hal_pwr.o
HAL_RCCEx_DisableLSECSS                           build/stm32l0xx_hal_rcc_ex.o
HAL_RCCEx_EnableLSECSS                            build/stm32l0xx_hal_rcc_ex.o
HAL_RCCEx_EnableLSECSS_IT                         build/stm32l0xx_hal_rcc_ex.o
HAL_RCCEx_GetPeriphCLKConfig                      build/stm32l0xx_hal_rcc_ex.o
HAL_RCCEx_GetPeriphCLKFreq                        build/stm32l0xx_hal_rcc_ex.o
HAL_RCCEx_LSECSS_Callback                         build/stm32l0xx_hal_rcc_ex.o
HAL_RCCEx_LSECSS_IRQHandler                       build/stm32l0xx_hal_rcc_ex.o
HAL_RCCEx_PeriphCLKConfig                         build/stm32l0xx_hal_rcc_ex.o
                                                  build/main.o
HAL_RCC_CSSCallback                               build/stm32l0xx_hal_rcc.o
HAL_RCC_ClockConfig                               build/stm32l0xx_hal_rcc.o
                                                  build/main.o
HAL_RCC_DeInit                                    build/stm32l0xx_hal_rcc.o
HAL_RCC_EnableCSS                                 build/stm32l0xx_hal_rcc.o
HAL_RCC_GetClockConfig                            build/stm32l0xx_hal_rcc.o
HAL_RCC_GetHCLKFreq                               build/stm32l0xx_hal_rcc.o
HAL_RCC_GetOscConfig                              build/stm32l0xx_hal_rcc.o
HAL_RCC_GetPCLK1Freq                              build/stm32l0xx_hal_rcc.o
                                                  build/stm32l0xx_hal_uart.o
                                                  build/stm32l0xx_hal_rcc_ex.o
HAL_RCC_GetPCLK2Freq                              build/stm32l0xx_hal_rcc.o
                                                  build/stm32l0xx_hal_uart.o
                                                  build/stm32l0xx_hal_rcc_ex.o
HAL_RCC_GetSysClockFreq                           build/stm32l0xx_hal_rcc.o
                                                  build/stm32l0xx_hal_uart.o
                                                  build/stm32l0xx_hal_rcc_ex.o
HAL_RCC_MCOConfig                                 build/stm32l0xx_hal_rcc.o
HAL_RCC_NMI_IRQHandler                            build/stm32l0xx_hal_rcc.o
HAL_RCC_OscConfig                                 build/stm32l0xx_hal_rcc.o
                                                  build/main.o
HAL_RS485Ex_Init                                  build/stm32l0xx_hal_uart_ex.o
HAL_ResumeTick                                    build/stm32l0xx_hal.o
HAL_SYSCFG_Disable_Lock_VREFINT                   build/stm32l0xx_hal.o
HAL_SYSCFG_Enable_Lock_VREFINT                    build/stm32l0xx_hal.o
HAL_SYSCFG_GetBootMode                            build/stm32l0xx_hal.o
HAL_SYSCFG_VREFINT_OutputSelect                   build/stm32l0xx_hal.o
HAL_SYSTICK_CLKSourceConfig                       build/stm32l0xx_hal_cortex.o
HAL_SYSTICK_Callback                              build/stm32l0xx_hal_cortex.o
HAL_SYSTICK_Config                                build/stm32l0xx_hal_cortex.o
                                                  build/stm32l0xx_hal.o
HAL_SYSTICK_IRQHandler                            build/stm32l0xx_hal_cortex.o
HAL_SetTickFreq                                   build/stm32l0xx_hal.o
HAL_SuspendTick                                   build/stm32l0xx_hal.o
HAL_UARTEx_DisableClockStopMode                   build/stm32l0xx_hal_uart_ex.o
HAL_UARTEx_DisableStopMode                        build/stm32l0xx_hal_uart_ex.o
HAL_UARTEx_EnableClockStopMode                    build/stm32l0xx_hal_uart_ex.o
HAL_UARTEx_EnableStopMode                         build/stm32l0xx_hal_uart_ex.o
HAL_UARTEx_ReceiveToIdle                          build/stm32l0xx_hal_uart_ex.o
HAL_UARTEx_ReceiveToIdle_DMA                      build/stm32l0xx_hal_uart_ex.o
HAL_UARTEx_ReceiveToIdle_IT                       build/stm32l0xx_hal_uart_ex.o
HAL_UARTEx_RxEventCallback                        build/stm32l0xx_hal_uart.o
HAL_UARTEx_StopModeWakeUpSourceConfig             build/stm32l0xx_hal_uart_ex.o
HAL_UARTEx_WakeupCallback                         build/stm32l0xx_hal_uart_ex.o
                                                  build/stm32l0xx_hal_uart.o
HAL_UART_Abort                                    build/stm32l0xx_hal_uart.o
HAL_UART_AbortCpltCallback                        build/stm32l0xx_hal_uart.o
HAL_UART_AbortReceive                             build/stm32l0xx_hal_uart.o
HAL_UART_AbortReceiveCpltCallback                 build/stm32l0xx_hal_uart.o
HAL_UART_AbortReceive_IT                          build/stm32l0xx_hal_uart.o
HAL_UART_AbortTransmit                            build/stm32l0xx_hal_uart.o
HAL_UART_AbortTransmitCpltCallback                build/stm32l0xx_hal_uart.o
HAL_UART_AbortTransmit_IT                         build/stm32l0xx_hal_uart.o
HAL_UART_Abort_IT                                 build/stm32l0xx_hal_uart.o
HAL_UART_DMAPause                                 build/stm32l0xx_hal_uart.o
HAL_UART_DMAResume                                build/stm32l0xx_hal_uart.o
HAL_UART_DMAStop                                  build/stm32l0xx_hal_uart.o
HAL_UART_DeInit                                   build/stm32l0xx_hal_uart.o
HAL_UART_DisableReceiverTimeout                   build/stm32l0xx_hal_uart.o
HAL_UART_EnableReceiverTimeout                    build/stm32l0xx_hal_uart.o
HAL_UART_ErrorCallback                            build/stm32l0xx_hal_uart.o
HAL_UART_GetError                                 build/stm32l0xx_hal_uart.o
HAL_UART_GetState                                 build/stm32l0xx_hal_uart.o
HAL_UART_IRQHandler                               build/stm32l0xx_hal_uart.o
HAL_UART_Init                                     build/stm32l0xx_hal_uart.o
                                                  build/usart.o
HAL_UART_MspDeInit                                build/usart.o
HAL_UART_MspInit                                  build/usart.o
                                                  build/stm32l0xx_hal_uart_ex.o
HAL_UART_Receive                                  build/stm32l0xx_hal_uart.o
HAL_UART_Receive_DMA                              build/stm32l0xx_hal_uart.o
HAL_UART_Receive_IT                               build/stm32l0xx_hal_uart.o
HAL_UART_ReceiverTimeout_Config                   build/stm32l0xx_hal_uart.o
HAL_UART_RxCpltCallback                           build/stm32l0xx_hal_uart.o
HAL_UART_RxHalfCpltCallback                       build/stm32l0xx_hal_uart.o
HAL_UART_Transmit                                 build/stm32l0xx_hal_uart.o
                                                  build/main.o
HAL_UART_Transmit_DMA                             build/stm32l0xx_hal_uart.o
HAL_UART_Transmit_IT                              build/stm32l0xx_hal_uart.o
HAL_UART_TxCpltCallback                           build/stm32l0xx_hal_uart.o
HAL_UART_TxHalfCpltCallback                       build/stm32l0xx_hal_uart.o
HardFault_Handler                                 build/stm32l0xx_it.o
I2C1_IRQHandler                                   build/startup_stm32l051xx.o
I2C2_IRQHandler                                   build/startup_stm32l051xx.o
LPTIM1_IRQHandler                                 build/startup_stm32l051xx.o
LPUART1_IRQHandler                                build/startup_stm32l051xx.o
MX_GPIO_Init                                      build/gpio.o
                                                  build/main.o
MX_USART2_UART_Init                               build/usart.o
                                                  build/main.o
NMI_Handler                                       build/stm32l0xx_it.o
PLLMulTable                                       build/system_stm32l0xx.o
                                                  build/stm32l0xx_hal_rcc.o
PVD_IRQHandler                                    build/startup_stm32l051xx.o
PendSV_Handler                                    build/stm32l0xx_it.o
RCC_IRQHandler                                    build/startup_stm32l051xx.o
RTC_IRQHandler                                    build/startup_stm32l051xx.o
Reset_Handler                                     build/startup_stm32l051xx.o
SPI1_IRQHandler                                   build/startup_stm32l051xx.o
SPI2_IRQHandler                                   build/startup_stm32l051xx.o
SVC_Handler                                       build/stm32l0xx_it.o
SysTick_Handler                                   build/stm32l0xx_it.o
SystemClock_Config                                build/main.o
SystemCoreClock                                   build/system_stm32l0xx.o
                                                  build/stm32l0xx_hal_pwr_ex.o
                                                  build/stm32l0xx_hal_rcc.o
                                                  build/stm32l0xx_hal.o
SystemCoreClockUpdate                             build/system_stm32l0xx.o
SystemInit                                        build/system_stm32l0xx.o
                                                  build/startup_stm32l051xx.o
TIM21_IRQHandler                                  build/startup_stm32l051xx.o
TIM22_IRQHandler                                  build/startup_stm32l051xx.o
TIM2_IRQHandler                                   build/startup_stm32l051xx.o
TIM6_IRQHandler                                   build/startup_stm32l051xx.o
UART_AdvFeatureConfig                             build/stm32l0xx_hal_uart.o
                                                  build/stm32l0xx_hal_uart_ex.o
UART_CheckIdleState                               build/stm32l0xx_hal_uart.o
                                                  build/stm32l0xx_hal_uart_ex.o
UART_SetConfig                                    build/stm32l0xx_hal_uart.o
                                                  build/stm32l0xx_hal_uart_ex.o
UART_Start_Receive_DMA                            build/stm32l0xx_hal_uart.o
                                                  build/stm32l0xx_hal_uart_ex.o
UART_Start_Receive_IT                             build/stm32l0xx_hal_uart.o
                                                  build/stm32l0xx_hal_uart_ex.o
UART_WaitOnFlagUntilTimeout                       build/stm32l0xx_hal_uart.o
                                                  build/stm32l0xx_hal_uart_ex.o
USART1_IRQHandler                                 build/startup_stm32l051xx.o
USART2_IRQHandler                                 build/startup_stm32l051xx.o
WWDG_IRQHandler                                   build/startup_stm32l051xx.o
__aeabi_idiv0                                     d:/st/toolchain/gcc-arm-none-eabi-10.3-2021.10/bin/../lib/gcc/arm-none-eabi/10.3.1/thumb/v6-m/nofp\libgcc.a(_dvmd_tls.o)
                                                  d:/st/toolchain/gcc-arm-none-eabi-10.3-2021.10/bin/../lib/gcc/arm-none-eabi/10.3.1/thumb/v6-m/nofp\libgcc.a(_udivsi3.o)
__aeabi_ldiv0                                     d:/st/toolchain/gcc-arm-none-eabi-10.3-2021.10/bin/../lib/gcc/arm-none-eabi/10.3.1/thumb/v6-m/nofp\libgcc.a(_dvmd_tls.o)
                                                  d:/st/toolchain/gcc-arm-none-eabi-10.3-2021.10/bin/../lib/gcc/arm-none-eabi/10.3.1/thumb/v6-m/nofp\libgcc.a(_aeabi_uldivmod.o)
__aeabi_lmul                                      d:/st/toolchain/gcc-arm-none-eabi-10.3-2021.10/bin/../lib/gcc/arm-none-eabi/10.3.1/thumb/v6-m/nofp\libgcc.a(_muldi3.o)
                                                  build/stm32l0xx_hal_rcc.o
__aeabi_uidiv                                     d:/st/toolchain/gcc-arm-none-eabi-10.3-2021.10/bin/../lib/gcc/arm-none-eabi/10.3.1/thumb/v6-m/nofp\libgcc.a(_udivsi3.o)
                                                  build/stm32l0xx_hal_uart.o
                                                  build/system_stm32l0xx.o
                                                  build/stm32l0xx_hal_pwr_ex.o
                                                  build/stm32l0xx_hal_dma.o
                                                  build/stm32l0xx_hal.o
__aeabi_uidivmod                                  d:/st/toolchain/gcc-arm-none-eabi-10.3-2021.10/bin/../lib/gcc/arm-none-eabi/10.3.1/thumb/v6-m/nofp\libgcc.a(_udivsi3.o)
__aeabi_uldivmod                                  d:/st/toolchain/gcc-arm-none-eabi-10.3-2021.10/bin/../lib/gcc/arm-none-eabi/10.3.1/thumb/v6-m/nofp\libgcc.a(_aeabi_uldivmod.o)
                                                  build/stm32l0xx_hal_uart.o
                                                  build/stm32l0xx_hal_rcc.o
__bss_end__                                       d:/st/toolchain/gcc-arm-none-eabi-10.3-2021.10/bin/../lib/gcc/arm-none-eabi/10.3.1/../../../../arm-none-eabi/lib/thumb/v6-m/nofp/crt0.o
__bss_start__                                     d:/st/toolchain/gcc-arm-none-eabi-10.3-2021.10/bin/../lib/gcc/arm-none-eabi/10.3.1/../../../../arm-none-eabi/lib/thumb/v6-m/nofp/crt0.o
__call_exitprocs                                  d:/st/toolchain/gcc-arm-none-eabi-10.3-2021.10/bin/../lib/gcc/arm-none-eabi/10.3.1/../../../../arm-none-eabi/lib/thumb/v6-m/nofp\libc_nano.a(lib_a-exit.o)
__clzdi2                                          d:/st/toolchain/gcc-arm-none-eabi-10.3-2021.10/bin/../lib/gcc/arm-none-eabi/10.3.1/thumb/v6-m/nofp\libgcc.a(_clzdi2.o)
                                                  d:/st/toolchain/gcc-arm-none-eabi-10.3-2021.10/bin/../lib/gcc/arm-none-eabi/10.3.1/thumb/v6-m/nofp\libgcc.a(_udivmoddi4.o)
__clzsi2                                          d:/st/toolchain/gcc-arm-none-eabi-10.3-2021.10/bin/../lib/gcc/arm-none-eabi/10.3.1/thumb/v6-m/nofp\libgcc.a(_clzsi2.o)
                                                  d:/st/toolchain/gcc-arm-none-eabi-10.3-2021.10/bin/../lib/gcc/arm-none-eabi/10.3.1/thumb/v6-m/nofp\libgcc.a(_clzdi2.o)
__deregister_frame_info                           d:/st/toolchain/gcc-arm-none-eabi-10.3-2021.10/bin/../lib/gcc/arm-none-eabi/10.3.1/thumb/v6-m/nofp/crtbegin.o
__dso_handle                                      d:/st/toolchain/gcc-arm-none-eabi-10.3-2021.10/bin/../lib/gcc/arm-none-eabi/10.3.1/thumb/v6-m/nofp/crtbegin.o
__init_array_end                                  d:/st/toolchain/gcc-arm-none-eabi-10.3-2021.10/bin/../lib/gcc/arm-none-eabi/10.3.1/../../../../arm-none-eabi/lib/thumb/v6-m/nofp\libc_nano.a(lib_a-init.o)
__init_array_start                                d:/st/toolchain/gcc-arm-none-eabi-10.3-2021.10/bin/../lib/gcc/arm-none-eabi/10.3.1/../../../../arm-none-eabi/lib/thumb/v6-m/nofp\libc_nano.a(lib_a-init.o)
__libc_fini_array                                 d:/st/toolchain/gcc-arm-none-eabi-10.3-2021.10/bin/../lib/gcc/arm-none-eabi/10.3.1/../../../../arm-none-eabi/lib/thumb/v6-m/nofp/crt0.o
__libc_init_array                                 d:/st/toolchain/gcc-arm-none-eabi-10.3-2021.10/bin/../lib/gcc/arm-none-eabi/10.3.1/../../../../arm-none-eabi/lib/thumb/v6-m/nofp\libc_nano.a(lib_a-init.o)
                                                  build/startup_stm32l051xx.o
                                                  d:/st/toolchain/gcc-arm-none-eabi-10.3-2021.10/bin/../lib/gcc/arm-none-eabi/10.3.1/../../../../arm-none-eabi/lib/thumb/v6-m/nofp/crt0.o
__muldi3                                          d:/st/toolchain/gcc-arm-none-eabi-10.3-2021.10/bin/../lib/gcc/arm-none-eabi/10.3.1/thumb/v6-m/nofp\libgcc.a(_muldi3.o)
__preinit_array_end                               d:/st/toolchain/gcc-arm-none-eabi-10.3-2021.10/bin/../lib/gcc/arm-none-eabi/10.3.1/../../../../arm-none-eabi/lib/thumb/v6-m/nofp\libc_nano.a(lib_a-init.o)
__preinit_array_start                             d:/st/toolchain/gcc-arm-none-eabi-10.3-2021.10/bin/../lib/gcc/arm-none-eabi/10.3.1/../../../../arm-none-eabi/lib/thumb/v6-m/nofp\libc_nano.a(lib_a-init.o)
__register_frame_info                             d:/st/toolchain/gcc-arm-none-eabi-10.3-2021.10/bin/../lib/gcc/arm-none-eabi/10.3.1/thumb/v6-m/nofp/crtbegin.o
__sf_fake_stderr                                  d:/st/toolchain/gcc-arm-none-eabi-10.3-2021.10/bin/../lib/gcc/arm-none-eabi/10.3.1/../../../../arm-none-eabi/lib/thumb/v6-m/nofp\libc_nano.a(lib_a-impure.o)
__sf_fake_stdin                                   d:/st/toolchain/gcc-arm-none-eabi-10.3-2021.10/bin/../lib/gcc/arm-none-eabi/10.3.1/../../../../arm-none-eabi/lib/thumb/v6-m/nofp\libc_nano.a(lib_a-impure.o)
__sf_fake_stdout                                  d:/st/toolchain/gcc-arm-none-eabi-10.3-2021.10/bin/../lib/gcc/arm-none-eabi/10.3.1/../../../../arm-none-eabi/lib/thumb/v6-m/nofp\libc_nano.a(lib_a-impure.o)
__stack                                           d:/st/toolchain/gcc-arm-none-eabi-10.3-2021.10/bin/../lib/gcc/arm-none-eabi/10.3.1/../../../../arm-none-eabi/lib/thumb/v6-m/nofp/crt0.o
__udivmoddi4                                      d:/st/toolchain/gcc-arm-none-eabi-10.3-2021.10/bin/../lib/gcc/arm-none-eabi/10.3.1/thumb/v6-m/nofp\libgcc.a(_udivmoddi4.o)
                                                  d:/st/toolchain/gcc-arm-none-eabi-10.3-2021.10/bin/../lib/gcc/arm-none-eabi/10.3.1/thumb/v6-m/nofp\libgcc.a(_aeabi_uldivmod.o)
__udivsi3                                         d:/st/toolchain/gcc-arm-none-eabi-10.3-2021.10/bin/../lib/gcc/arm-none-eabi/10.3.1/thumb/v6-m/nofp\libgcc.a(_udivsi3.o)
_ebss                                             build/startup_stm32l051xx.o
_edata                                            build/startup_stm32l051xx.o
_estack                                           build/startup_stm32l051xx.o
_exit                                             d:/st/toolchain/gcc-arm-none-eabi-10.3-2021.10/bin/../lib/gcc/arm-none-eabi/10.3.1/../../../../arm-none-eabi/lib/thumb/v6-m/nofp\libnosys.a(_exit.o)
                                                  d:/st/toolchain/gcc-arm-none-eabi-10.3-2021.10/bin/../lib/gcc/arm-none-eabi/10.3.1/../../../../arm-none-eabi/lib/thumb/v6-m/nofp\libc_nano.a(lib_a-exit.o)
_fini                                             d:/st/toolchain/gcc-arm-none-eabi-10.3-2021.10/bin/../lib/gcc/arm-none-eabi/10.3.1/thumb/v6-m/nofp/crti.o
_global_impure_ptr                                d:/st/toolchain/gcc-arm-none-eabi-10.3-2021.10/bin/../lib/gcc/arm-none-eabi/10.3.1/../../../../arm-none-eabi/lib/thumb/v6-m/nofp\libc_nano.a(lib_a-impure.o)
                                                  d:/st/toolchain/gcc-arm-none-eabi-10.3-2021.10/bin/../lib/gcc/arm-none-eabi/10.3.1/../../../../arm-none-eabi/lib/thumb/v6-m/nofp\libc_nano.a(lib_a-exit.o)
_impure_ptr                                       d:/st/toolchain/gcc-arm-none-eabi-10.3-2021.10/bin/../lib/gcc/arm-none-eabi/10.3.1/../../../../arm-none-eabi/lib/thumb/v6-m/nofp\libc_nano.a(lib_a-impure.o)
_init                                             d:/st/toolchain/gcc-arm-none-eabi-10.3-2021.10/bin/../lib/gcc/arm-none-eabi/10.3.1/thumb/v6-m/nofp/crti.o
                                                  d:/st/toolchain/gcc-arm-none-eabi-10.3-2021.10/bin/../lib/gcc/arm-none-eabi/10.3.1/../../../../arm-none-eabi/lib/thumb/v6-m/nofp\libc_nano.a(lib_a-init.o)
_mainCRTStartup                                   d:/st/toolchain/gcc-arm-none-eabi-10.3-2021.10/bin/../lib/gcc/arm-none-eabi/10.3.1/../../../../arm-none-eabi/lib/thumb/v6-m/nofp/crt0.o
_sbss                                             build/startup_stm32l051xx.o
_sdata                                            build/startup_stm32l051xx.o
_sidata                                           build/startup_stm32l051xx.o
_stack_init                                       d:/st/toolchain/gcc-arm-none-eabi-10.3-2021.10/bin/../lib/gcc/arm-none-eabi/10.3.1/../../../../arm-none-eabi/lib/thumb/v6-m/nofp/crt0.o
_start                                            d:/st/toolchain/gcc-arm-none-eabi-10.3-2021.10/bin/../lib/gcc/arm-none-eabi/10.3.1/../../../../arm-none-eabi/lib/thumb/v6-m/nofp/crt0.o
atexit                                            d:/st/toolchain/gcc-arm-none-eabi-10.3-2021.10/bin/../lib/gcc/arm-none-eabi/10.3.1/../../../../arm-none-eabi/lib/thumb/v6-m/nofp/crt0.o
exit                                              d:/st/toolchain/gcc-arm-none-eabi-10.3-2021.10/bin/../lib/gcc/arm-none-eabi/10.3.1/../../../../arm-none-eabi/lib/thumb/v6-m/nofp\libc_nano.a(lib_a-exit.o)
                                                  d:/st/toolchain/gcc-arm-none-eabi-10.3-2021.10/bin/../lib/gcc/arm-none-eabi/10.3.1/../../../../arm-none-eabi/lib/thumb/v6-m/nofp/crt0.o
g_pfnVectors                                      build/startup_stm32l051xx.o
hardware_init_hook                                d:/st/toolchain/gcc-arm-none-eabi-10.3-2021.10/bin/../lib/gcc/arm-none-eabi/10.3.1/../../../../arm-none-eabi/lib/thumb/v6-m/nofp/crt0.o
huart2                                            build/usart.o
                                                  build/main.o
main                                              build/main.o
                                                  build/startup_stm32l051xx.o
                                                  d:/st/toolchain/gcc-arm-none-eabi-10.3-2021.10/bin/../lib/gcc/arm-none-eabi/10.3.1/../../../../arm-none-eabi/lib/thumb/v6-m/nofp/crt0.o
memset                                            d:/st/toolchain/gcc-arm-none-eabi-10.3-2021.10/bin/../lib/gcc/arm-none-eabi/10.3.1/../../../../arm-none-eabi/lib/thumb/v6-m/nofp\libc_nano.a(lib_a-memset.o)
                                                  build/usart.o
                                                  build/stm32l0xx_hal_rcc.o
                                                  build/gpio.o
                                                  build/main.o
                                                  d:/st/toolchain/gcc-arm-none-eabi-10.3-2021.10/bin/../lib/gcc/arm-none-eabi/10.3.1/../../../../arm-none-eabi/lib/thumb/v6-m/nofp/crt0.o
pFlash                                            build/stm32l0xx_hal_flash.o
                                                  build/stm32l0xx_hal_flash_ex.o
                                                  build/stm32l0xx_hal_flash_ramfunc.o
software_init_hook                                d:/st/toolchain/gcc-arm-none-eabi-10.3-2021.10/bin/../lib/gcc/arm-none-eabi/10.3.1/../../../../arm-none-eabi/lib/thumb/v6-m/nofp/crt0.o
uwTick                                            build/stm32l0xx_hal.o
uwTickFreq                                        build/stm32l0xx_hal.o
uwTickPrio                                        build/stm32l0xx_hal.o
                                                  build/stm32l0xx_hal_rcc.o
